// Jest Snapshot v1, https://goo.gl/fbAQLP

exports[`Test component <GifGrid /> should display the component correctly 1`] = `
<Fragment>
  <h3
    className="animate__animated animate__flash"
  >
    One punch
  </h3>
  <p
    className="animate__animated animate__flash"
  >
    Loading...
  </p>
  <div
    className="card-grid"
  />
</Fragment>
`;
